// Vitest Snapshot v1, https://vitest.dev/guide/snapshot.html

exports[`TemplateProcessor > complex template scenarios > should handle complex message formatting 1`] = `
"Hello, Alice!


Here are your tasks (3 total):
  1. Review code  2. Write tests  3. Deploy app


Best regards,
Bot Assistant"
`;
